// Jest Snapshot v1, https://goo.gl/fbAQLP

exports[`<GridImage/> shold render grid content 1`] = `
.c2 {
  display: grid;
  grid-template-columns: repeat(auto-fill,minmax(280px,1fr));
  gap: 3.2rem;
}

.c3 {
  overflow: hidden;
}

.c4 {
  width: 100%;
  -webkit-transition: all 300ms ease-in-out;
  transition: all 300ms ease-in-out;
}

.c4:hover {
  -webkit-transform: scale(1.2) rotate(10deg);
  -ms-transform: scale(1.2) rotate(10deg);
  transform: scale(1.2) rotate(10deg);
}

.c0 {
  background: #FFFFFF;
  color: #0A1128;
  min-height: 100vh;
  display: -webkit-box;
  display: -webkit-flex;
  display: -ms-flexbox;
  display: flex;
  -webkit-align-items: center;
  -webkit-box-align: center;
  -ms-flex-align: center;
  align-items: center;
  -webkit-box-pack: center;
  -webkit-justify-content: center;
  -ms-flex-pack: center;
  justify-content: center;
  padding: 5rem;
}

.c1 {
  font-size: 6.4rem;
  text-transform: uppercase;
}

@media (max-width:768px) {

}

<div>
  <div
    class="c0"
  >
    <div
      class=""
    >
      <h1
        class="c1"
      >
        My grid
      </h1>
      <div
        class="c2"
      >
        <div
          class="c3"
        >
          <img
            alt="Teste 1"
            class="c4"
            src="https://source.unsplash.com/random/800x800?r=1"
          />
        </div>
        <div
          class="c3"
        >
          <img
            alt="Teste 2"
            class="c4"
            src="https://source.unsplash.com/random/800x800?r=2"
          />
        </div>
        <div
          class="c3"
        >
          <img
            alt="Teste 3"
            class="c4"
            src="https://source.unsplash.com/random/800x800?r=3"
          />
        </div>
        <div
          class="c3"
        >
          <img
            alt="Teste 4"
            class="c4"
            src="https://source.unsplash.com/random/800x800?r=4"
          />
        </div>
        <div
          class="c3"
        >
          <img
            alt="Teste 5"
            class="c4"
            src="https://source.unsplash.com/random/800x800?r=5"
          />
        </div>
        <div
          class="c3"
        >
          <img
            alt="Teste 6"
            class="c4"
            src="https://source.unsplash.com/random/800x800?r=6"
          />
        </div>
      </div>
    </div>
    u
  </div>
</div>
`;
