// Jest Snapshot v1, https://goo.gl/fbAQLP

exports[`<SectionBackground/> shold render with background dark 1`] = `
.c0 {
  background: #FFFFFF;
  color: #0A1128;
  min-height: 100vh;
  display: -webkit-box;
  display: -webkit-flex;
  display: -ms-flexbox;
  display: flex;
  -webkit-align-items: center;
  -webkit-box-align: center;
  -ms-flex-align: center;
  align-items: center;
  -webkit-box-pack: center;
  -webkit-justify-content: center;
  -ms-flex-pack: center;
  justify-content: center;
  padding: 5rem;
}

<div>
  <div
    class="c0"
  >
    Children
  </div>
</div>
`;

exports[`<SectionBackground/> shold render with background light 1`] = `
.c0 {
  background: #FFFFFF;
  color: #0A1128;
  min-height: 100vh;
  display: -webkit-box;
  display: -webkit-flex;
  display: -ms-flexbox;
  display: flex;
  -webkit-align-items: center;
  -webkit-box-align: center;
  -ms-flex-align: center;
  align-items: center;
  -webkit-box-pack: center;
  -webkit-justify-content: center;
  -ms-flex-pack: center;
  justify-content: center;
  padding: 5rem;
}

<div>
  <div
    class="c0"
  >
    Children
  </div>
</div>
`;
